17:47:18 **** Build of configuration Debug for project UserApplicattion ****
make all 
Building file: ../startup/startup_stm32l476xx.s
Invoking: MCU GCC Assembler
C:\Users\emirs\Desktop\Bootloader_Course\UserApplication\UserApplicattion\Debug
arm-none-eabi-as -mcpu=cortex-m4 -mthumb -mfloat-abi=hard -mfpu=fpv4-sp-d16 -g -o "startup/startup_stm32l476xx.o" "../startup/startup_stm32l476xx.s"
Finished building: ../startup/startup_stm32l476xx.s
 
Building file: ../Src/main.c
Invoking: MCU GCC Compiler
C:\Users\emirs\Desktop\Bootloader_Course\UserApplication\UserApplicattion\Debug
arm-none-eabi-gcc -mcpu=cortex-m4 -mthumb -mfloat-abi=hard -mfpu=fpv4-sp-d16 '-D__weak=__attribute__((weak))' '-D__packed=__attribute__((__packed__))' -DUSE_HAL_DRIVER -DSTM32L476xx -I"C:/Users/emirs/Desktop/Bootloader_Course/UserApplication/UserApplicattion/Inc" -I"C:/Users/emirs/Desktop/Bootloader_Course/UserApplication/UserApplicattion/Drivers/STM32L4xx_HAL_Driver/Inc" -I"C:/Users/emirs/Desktop/Bootloader_Course/UserApplication/UserApplicattion/Drivers/STM32L4xx_HAL_Driver/Inc/Legacy" -I"C:/Users/emirs/Desktop/Bootloader_Course/UserApplication/UserApplicattion/Drivers/CMSIS/Device/ST/STM32L4xx/Include" -I"C:/Users/emirs/Desktop/Bootloader_Course/UserApplication/UserApplicattion/Drivers/CMSIS/Include"  -Og -g3 -Wall -fmessage-length=0 -ffunction-sections -c -fmessage-length=0 -MMD -MP -MF"Src/main.d" -MT"Src/main.o" -o "Src/main.o" "../Src/main.c"
../Src/main.c: In function 'main':
../Src/main.c:106:4: warning: implicit declaration of function 'sprintf' [-Wimplicit-function-declaration]
    sprintf(MSG, "%d", HAL_GetTick());
    ^~~~~~~
../Src/main.c:106:4: warning: incompatible implicit declaration of built-in function 'sprintf'
../Src/main.c:106:4: note: include '<stdio.h>' or provide a declaration of 'sprintf'
../Src/main.c:106:12: warning: pointer targets in passing argument 1 of 'sprintf' differ in signedness [-Wpointer-sign]
    sprintf(MSG, "%d", HAL_GetTick());
            ^~~
../Src/main.c:106:12: note: expected 'char *' but argument is of type 'uint8_t * {aka unsigned char *}'
../Src/main.c:106:19: warning: format '%d' expects argument of type 'int', but argument 3 has type 'uint32_t {aka long unsigned int}' [-Wformat=]
    sprintf(MSG, "%d", HAL_GetTick());
                  ~^   ~~~~~~~~~~~~~
                  %ld
Finished building: ../Src/main.c
 
Building file: ../Src/stm32l4xx_hal_msp.c
Invoking: MCU GCC Compiler
C:\Users\emirs\Desktop\Bootloader_Course\UserApplication\UserApplicattion\Debug
arm-none-eabi-gcc -mcpu=cortex-m4 -mthumb -mfloat-abi=hard -mfpu=fpv4-sp-d16 '-D__weak=__attribute__((weak))' '-D__packed=__attribute__((__packed__))' -DUSE_HAL_DRIVER -DSTM32L476xx -I"C:/Users/emirs/Desktop/Bootloader_Course/UserApplication/UserApplicattion/Inc" -I"C:/Users/emirs/Desktop/Bootloader_Course/UserApplication/UserApplicattion/Drivers/STM32L4xx_HAL_Driver/Inc" -I"C:/Users/emirs/Desktop/Bootloader_Course/UserApplication/UserApplicattion/Drivers/STM32L4xx_HAL_Driver/Inc/Legacy" -I"C:/Users/emirs/Desktop/Bootloader_Course/UserApplication/UserApplicattion/Drivers/CMSIS/Device/ST/STM32L4xx/Include" -I"C:/Users/emirs/Desktop/Bootloader_Course/UserApplication/UserApplicattion/Drivers/CMSIS/Include"  -Og -g3 -Wall -fmessage-length=0 -ffunction-sections -c -fmessage-length=0 -MMD -MP -MF"Src/stm32l4xx_hal_msp.d" -MT"Src/stm32l4xx_hal_msp.o" -o "Src/stm32l4xx_hal_msp.o" "../Src/stm32l4xx_hal_msp.c"
Finished building: ../Src/stm32l4xx_hal_msp.c
 
Building file: ../Src/stm32l4xx_it.c
Invoking: MCU GCC Compiler
C:\Users\emirs\Desktop\Bootloader_Course\UserApplication\UserApplicattion\Debug
arm-none-eabi-gcc -mcpu=cortex-m4 -mthumb -mfloat-abi=hard -mfpu=fpv4-sp-d16 '-D__weak=__attribute__((weak))' '-D__packed=__attribute__((__packed__))' -DUSE_HAL_DRIVER -DSTM32L476xx -I"C:/Users/emirs/Desktop/Bootloader_Course/UserApplication/UserApplicattion/Inc" -I"C:/Users/emirs/Desktop/Bootloader_Course/UserApplication/UserApplicattion/Drivers/STM32L4xx_HAL_Driver/Inc" -I"C:/Users/emirs/Desktop/Bootloader_Course/UserApplication/UserApplicattion/Drivers/STM32L4xx_HAL_Driver/Inc/Legacy" -I"C:/Users/emirs/Desktop/Bootloader_Course/UserApplication/UserApplicattion/Drivers/CMSIS/Device/ST/STM32L4xx/Include" -I"C:/Users/emirs/Desktop/Bootloader_Course/UserApplication/UserApplicattion/Drivers/CMSIS/Include"  -Og -g3 -Wall -fmessage-length=0 -ffunction-sections -c -fmessage-length=0 -MMD -MP -MF"Src/stm32l4xx_it.d" -MT"Src/stm32l4xx_it.o" -o "Src/stm32l4xx_it.o" "../Src/stm32l4xx_it.c"
Finished building: ../Src/stm32l4xx_it.c
 
Building file: ../Src/syscalls.c
Invoking: MCU GCC Compiler
C:\Users\emirs\Desktop\Bootloader_Course\UserApplication\UserApplicattion\Debug
arm-none-eabi-gcc -mcpu=cortex-m4 -mthumb -mfloat-abi=hard -mfpu=fpv4-sp-d16 '-D__weak=__attribute__((weak))' '-D__packed=__attribute__((__packed__))' -DUSE_HAL_DRIVER -DSTM32L476xx -I"C:/Users/emirs/Desktop/Bootloader_Course/UserApplication/UserApplicattion/Inc" -I"C:/Users/emirs/Desktop/Bootloader_Course/UserApplication/UserApplicattion/Drivers/STM32L4xx_HAL_Driver/Inc" -I"C:/Users/emirs/Desktop/Bootloader_Course/UserApplication/UserApplicattion/Drivers/STM32L4xx_HAL_Driver/Inc/Legacy" -I"C:/Users/emirs/Desktop/Bootloader_Course/UserApplication/UserApplicattion/Drivers/CMSIS/Device/ST/STM32L4xx/Include" -I"C:/Users/emirs/Desktop/Bootloader_Course/UserApplication/UserApplicattion/Drivers/CMSIS/Include"  -Og -g3 -Wall -fmessage-length=0 -ffunction-sections -c -fmessage-length=0 -MMD -MP -MF"Src/syscalls.d" -MT"Src/syscalls.o" -o "Src/syscalls.o" "../Src/syscalls.c"
Finished building: ../Src/syscalls.c
 
Building file: ../Src/system_stm32l4xx.c
Invoking: MCU GCC Compiler
C:\Users\emirs\Desktop\Bootloader_Course\UserApplication\UserApplicattion\Debug
arm-none-eabi-gcc -mcpu=cortex-m4 -mthumb -mfloat-abi=hard -mfpu=fpv4-sp-d16 '-D__weak=__attribute__((weak))' '-D__packed=__attribute__((__packed__))' -DUSE_HAL_DRIVER -DSTM32L476xx -I"C:/Users/emirs/Desktop/Bootloader_Course/UserApplication/UserApplicattion/Inc" -I"C:/Users/emirs/Desktop/Bootloader_Course/UserApplication/UserApplicattion/Drivers/STM32L4xx_HAL_Driver/Inc" -I"C:/Users/emirs/Desktop/Bootloader_Course/UserApplication/UserApplicattion/Drivers/STM32L4xx_HAL_Driver/Inc/Legacy" -I"C:/Users/emirs/Desktop/Bootloader_Course/UserApplication/UserApplicattion/Drivers/CMSIS/Device/ST/STM32L4xx/Include" -I"C:/Users/emirs/Desktop/Bootloader_Course/UserApplication/UserApplicattion/Drivers/CMSIS/Include"  -Og -g3 -Wall -fmessage-length=0 -ffunction-sections -c -fmessage-length=0 -MMD -MP -MF"Src/system_stm32l4xx.d" -MT"Src/system_stm32l4xx.o" -o "Src/system_stm32l4xx.o" "../Src/system_stm32l4xx.c"
Finished building: ../Src/system_stm32l4xx.c
 
Building file: ../Drivers/STM32L4xx_HAL_Driver/Src/stm32l4xx_hal.c
Invoking: MCU GCC Compiler
C:\Users\emirs\Desktop\Bootloader_Course\UserApplication\UserApplicattion\Debug
arm-none-eabi-gcc -mcpu=cortex-m4 -mthumb -mfloat-abi=hard -mfpu=fpv4-sp-d16 '-D__weak=__attribute__((weak))' '-D__packed=__attribute__((__packed__))' -DUSE_HAL_DRIVER -DSTM32L476xx -I"C:/Users/emirs/Desktop/Bootloader_Course/UserApplication/UserApplicattion/Inc" -I"C:/Users/emirs/Desktop/Bootloader_Course/UserApplication/UserApplicattion/Drivers/STM32L4xx_HAL_Driver/Inc" -I"C:/Users/emirs/Desktop/Bootloader_Course/UserApplication/UserApplicattion/Drivers/STM32L4xx_HAL_Driver/Inc/Legacy" -I"C:/Users/emirs/Desktop/Bootloader_Course/UserApplication/UserApplicattion/Drivers/CMSIS/Device/ST/STM32L4xx/Include" -I"C:/Users/emirs/Desktop/Bootloader_Course/UserApplication/UserApplicattion/Drivers/CMSIS/Include"  -Og -g3 -Wall -fmessage-length=0 -ffunction-sections -c -fmessage-length=0 -MMD -MP -MF"Drivers/STM32L4xx_HAL_Driver/Src/stm32l4xx_hal.d" -MT"Drivers/STM32L4xx_HAL_Driver/Src/stm32l4xx_hal.o" -o "Drivers/STM32L4xx_HAL_Driver/Src/stm32l4xx_hal.o" "../Drivers/STM32L4xx_HAL_Driver/Src/stm32l4xx_hal.c"
Finished building: ../Drivers/STM32L4xx_HAL_Driver/Src/stm32l4xx_hal.c
 
Building file: ../Drivers/STM32L4xx_HAL_Driver/Src/stm32l4xx_hal_cortex.c
Invoking: MCU GCC Compiler
C:\Users\emirs\Desktop\Bootloader_Course\UserApplication\UserApplicattion\Debug
arm-none-eabi-gcc -mcpu=cortex-m4 -mthumb -mfloat-abi=hard -mfpu=fpv4-sp-d16 '-D__weak=__attribute__((weak))' '-D__packed=__attribute__((__packed__))' -DUSE_HAL_DRIVER -DSTM32L476xx -I"C:/Users/emirs/Desktop/Bootloader_Course/UserApplication/UserApplicattion/Inc" -I"C:/Users/emirs/Desktop/Bootloader_Course/UserApplication/UserApplicattion/Drivers/STM32L4xx_HAL_Driver/Inc" -I"C:/Users/emirs/Desktop/Bootloader_Course/UserApplication/UserApplicattion/Drivers/STM32L4xx_HAL_Driver/Inc/Legacy" -I"C:/Users/emirs/Desktop/Bootloader_Course/UserApplication/UserApplicattion/Drivers/CMSIS/Device/ST/STM32L4xx/Include" -I"C:/Users/emirs/Desktop/Bootloader_Course/UserApplication/UserApplicattion/Drivers/CMSIS/Include"  -Og -g3 -Wall -fmessage-length=0 -ffunction-sections -c -fmessage-length=0 -MMD -MP -MF"Drivers/STM32L4xx_HAL_Driver/Src/stm32l4xx_hal_cortex.d" -MT"Drivers/STM32L4xx_HAL_Driver/Src/stm32l4xx_hal_cortex.o" -o "Drivers/STM32L4xx_HAL_Driver/Src/stm32l4xx_hal_cortex.o" "../Drivers/STM32L4xx_HAL_Driver/Src/stm32l4xx_hal_cortex.c"
Finished building: ../Drivers/STM32L4xx_HAL_Driver/Src/stm32l4xx_hal_cortex.c
 
Building file: ../Drivers/STM32L4xx_HAL_Driver/Src/stm32l4xx_hal_dma.c
Invoking: MCU GCC Compiler
C:\Users\emirs\Desktop\Bootloader_Course\UserApplication\UserApplicattion\Debug
arm-none-eabi-gcc -mcpu=cortex-m4 -mthumb -mfloat-abi=hard -mfpu=fpv4-sp-d16 '-D__weak=__attribute__((weak))' '-D__packed=__attribute__((__packed__))' -DUSE_HAL_DRIVER -DSTM32L476xx -I"C:/Users/emirs/Desktop/Bootloader_Course/UserApplication/UserApplicattion/Inc" -I"C:/Users/emirs/Desktop/Bootloader_Course/UserApplication/UserApplicattion/Drivers/STM32L4xx_HAL_Driver/Inc" -I"C:/Users/emirs/Desktop/Bootloader_Course/UserApplication/UserApplicattion/Drivers/STM32L4xx_HAL_Driver/Inc/Legacy" -I"C:/Users/emirs/Desktop/Bootloader_Course/UserApplication/UserApplicattion/Drivers/CMSIS/Device/ST/STM32L4xx/Include" -I"C:/Users/emirs/Desktop/Bootloader_Course/UserApplication/UserApplicattion/Drivers/CMSIS/Include"  -Og -g3 -Wall -fmessage-length=0 -ffunction-sections -c -fmessage-length=0 -MMD -MP -MF"Drivers/STM32L4xx_HAL_Driver/Src/stm32l4xx_hal_dma.d" -MT"Drivers/STM32L4xx_HAL_Driver/Src/stm32l4xx_hal_dma.o" -o "Drivers/STM32L4xx_HAL_Driver/Src/stm32l4xx_hal_dma.o" "../Drivers/STM32L4xx_HAL_Driver/Src/stm32l4xx_hal_dma.c"
Finished building: ../Drivers/STM32L4xx_HAL_Driver/Src/stm32l4xx_hal_dma.c
 
Building file: ../Drivers/STM32L4xx_HAL_Driver/Src/stm32l4xx_hal_dma_ex.c
Invoking: MCU GCC Compiler
C:\Users\emirs\Desktop\Bootloader_Course\UserApplication\UserApplicattion\Debug
arm-none-eabi-gcc -mcpu=cortex-m4 -mthumb -mfloat-abi=hard -mfpu=fpv4-sp-d16 '-D__weak=__attribute__((weak))' '-D__packed=__attribute__((__packed__))' -DUSE_HAL_DRIVER -DSTM32L476xx -I"C:/Users/emirs/Desktop/Bootloader_Course/UserApplication/UserApplicattion/Inc" -I"C:/Users/emirs/Desktop/Bootloader_Course/UserApplication/UserApplicattion/Drivers/STM32L4xx_HAL_Driver/Inc" -I"C:/Users/emirs/Desktop/Bootloader_Course/UserApplication/UserApplicattion/Drivers/STM32L4xx_HAL_Driver/Inc/Legacy" -I"C:/Users/emirs/Desktop/Bootloader_Course/UserApplication/UserApplicattion/Drivers/CMSIS/Device/ST/STM32L4xx/Include" -I"C:/Users/emirs/Desktop/Bootloader_Course/UserApplication/UserApplicattion/Drivers/CMSIS/Include"  -Og -g3 -Wall -fmessage-length=0 -ffunction-sections -c -fmessage-length=0 -MMD -MP -MF"Drivers/STM32L4xx_HAL_Driver/Src/stm32l4xx_hal_dma_ex.d" -MT"Drivers/STM32L4xx_HAL_Driver/Src/stm32l4xx_hal_dma_ex.o" -o "Drivers/STM32L4xx_HAL_Driver/Src/stm32l4xx_hal_dma_ex.o" "../Drivers/STM32L4xx_HAL_Driver/Src/stm32l4xx_hal_dma_ex.c"
Finished building: ../Drivers/STM32L4xx_HAL_Driver/Src/stm32l4xx_hal_dma_ex.c
 
Building file: ../Drivers/STM32L4xx_HAL_Driver/Src/stm32l4xx_hal_exti.c
Invoking: MCU GCC Compiler
C:\Users\emirs\Desktop\Bootloader_Course\UserApplication\UserApplicattion\Debug
arm-none-eabi-gcc -mcpu=cortex-m4 -mthumb -mfloat-abi=hard -mfpu=fpv4-sp-d16 '-D__weak=__attribute__((weak))' '-D__packed=__attribute__((__packed__))' -DUSE_HAL_DRIVER -DSTM32L476xx -I"C:/Users/emirs/Desktop/Bootloader_Course/UserApplication/UserApplicattion/Inc" -I"C:/Users/emirs/Desktop/Bootloader_Course/UserApplication/UserApplicattion/Drivers/STM32L4xx_HAL_Driver/Inc" -I"C:/Users/emirs/Desktop/Bootloader_Course/UserApplication/UserApplicattion/Drivers/STM32L4xx_HAL_Driver/Inc/Legacy" -I"C:/Users/emirs/Desktop/Bootloader_Course/UserApplication/UserApplicattion/Drivers/CMSIS/Device/ST/STM32L4xx/Include" -I"C:/Users/emirs/Desktop/Bootloader_Course/UserApplication/UserApplicattion/Drivers/CMSIS/Include"  -Og -g3 -Wall -fmessage-length=0 -ffunction-sections -c -fmessage-length=0 -MMD -MP -MF"Drivers/STM32L4xx_HAL_Driver/Src/stm32l4xx_hal_exti.d" -MT"Drivers/STM32L4xx_HAL_Driver/Src/stm32l4xx_hal_exti.o" -o "Drivers/STM32L4xx_HAL_Driver/Src/stm32l4xx_hal_exti.o" "../Drivers/STM32L4xx_HAL_Driver/Src/stm32l4xx_hal_exti.c"
Finished building: ../Drivers/STM32L4xx_HAL_Driver/Src/stm32l4xx_hal_exti.c
 
Building file: ../Drivers/STM32L4xx_HAL_Driver/Src/stm32l4xx_hal_flash.c
Invoking: MCU GCC Compiler
C:\Users\emirs\Desktop\Bootloader_Course\UserApplication\UserApplicattion\Debug
arm-none-eabi-gcc -mcpu=cortex-m4 -mthumb -mfloat-abi=hard -mfpu=fpv4-sp-d16 '-D__weak=__attribute__((weak))' '-D__packed=__attribute__((__packed__))' -DUSE_HAL_DRIVER -DSTM32L476xx -I"C:/Users/emirs/Desktop/Bootloader_Course/UserApplication/UserApplicattion/Inc" -I"C:/Users/emirs/Desktop/Bootloader_Course/UserApplication/UserApplicattion/Drivers/STM32L4xx_HAL_Driver/Inc" -I"C:/Users/emirs/Desktop/Bootloader_Course/UserApplication/UserApplicattion/Drivers/STM32L4xx_HAL_Driver/Inc/Legacy" -I"C:/Users/emirs/Desktop/Bootloader_Course/UserApplication/UserApplicattion/Drivers/CMSIS/Device/ST/STM32L4xx/Include" -I"C:/Users/emirs/Desktop/Bootloader_Course/UserApplication/UserApplicattion/Drivers/CMSIS/Include"  -Og -g3 -Wall -fmessage-length=0 -ffunction-sections -c -fmessage-length=0 -MMD -MP -MF"Drivers/STM32L4xx_HAL_Driver/Src/stm32l4xx_hal_flash.d" -MT"Drivers/STM32L4xx_HAL_Driver/Src/stm32l4xx_hal_flash.o" -o "Drivers/STM32L4xx_HAL_Driver/Src/stm32l4xx_hal_flash.o" "../Drivers/STM32L4xx_HAL_Driver/Src/stm32l4xx_hal_flash.c"
Finished building: ../Drivers/STM32L4xx_HAL_Driver/Src/stm32l4xx_hal_flash.c
 
Building file: ../Drivers/STM32L4xx_HAL_Driver/Src/stm32l4xx_hal_flash_ex.c
Invoking: MCU GCC Compiler
C:\Users\emirs\Desktop\Bootloader_Course\UserApplication\UserApplicattion\Debug
arm-none-eabi-gcc -mcpu=cortex-m4 -mthumb -mfloat-abi=hard -mfpu=fpv4-sp-d16 '-D__weak=__attribute__((weak))' '-D__packed=__attribute__((__packed__))' -DUSE_HAL_DRIVER -DSTM32L476xx -I"C:/Users/emirs/Desktop/Bootloader_Course/UserApplication/UserApplicattion/Inc" -I"C:/Users/emirs/Desktop/Bootloader_Course/UserApplication/UserApplicattion/Drivers/STM32L4xx_HAL_Driver/Inc" -I"C:/Users/emirs/Desktop/Bootloader_Course/UserApplication/UserApplicattion/Drivers/STM32L4xx_HAL_Driver/Inc/Legacy" -I"C:/Users/emirs/Desktop/Bootloader_Course/UserApplication/UserApplicattion/Drivers/CMSIS/Device/ST/STM32L4xx/Include" -I"C:/Users/emirs/Desktop/Bootloader_Course/UserApplication/UserApplicattion/Drivers/CMSIS/Include"  -Og -g3 -Wall -fmessage-length=0 -ffunction-sections -c -fmessage-length=0 -MMD -MP -MF"Drivers/STM32L4xx_HAL_Driver/Src/stm32l4xx_hal_flash_ex.d" -MT"Drivers/STM32L4xx_HAL_Driver/Src/stm32l4xx_hal_flash_ex.o" -o "Drivers/STM32L4xx_HAL_Driver/Src/stm32l4xx_hal_flash_ex.o" "../Drivers/STM32L4xx_HAL_Driver/Src/stm32l4xx_hal_flash_ex.c"
Finished building: ../Drivers/STM32L4xx_HAL_Driver/Src/stm32l4xx_hal_flash_ex.c
 
Building file: ../Drivers/STM32L4xx_HAL_Driver/Src/stm32l4xx_hal_flash_ramfunc.c
Invoking: MCU GCC Compiler
C:\Users\emirs\Desktop\Bootloader_Course\UserApplication\UserApplicattion\Debug
arm-none-eabi-gcc -mcpu=cortex-m4 -mthumb -mfloat-abi=hard -mfpu=fpv4-sp-d16 '-D__weak=__attribute__((weak))' '-D__packed=__attribute__((__packed__))' -DUSE_HAL_DRIVER -DSTM32L476xx -I"C:/Users/emirs/Desktop/Bootloader_Course/UserApplication/UserApplicattion/Inc" -I"C:/Users/emirs/Desktop/Bootloader_Course/UserApplication/UserApplicattion/Drivers/STM32L4xx_HAL_Driver/Inc" -I"C:/Users/emirs/Desktop/Bootloader_Course/UserApplication/UserApplicattion/Drivers/STM32L4xx_HAL_Driver/Inc/Legacy" -I"C:/Users/emirs/Desktop/Bootloader_Course/UserApplication/UserApplicattion/Drivers/CMSIS/Device/ST/STM32L4xx/Include" -I"C:/Users/emirs/Desktop/Bootloader_Course/UserApplication/UserApplicattion/Drivers/CMSIS/Include"  -Og -g3 -Wall -fmessage-length=0 -ffunction-sections -c -fmessage-length=0 -MMD -MP -MF"Drivers/STM32L4xx_HAL_Driver/Src/stm32l4xx_hal_flash_ramfunc.d" -MT"Drivers/STM32L4xx_HAL_Driver/Src/stm32l4xx_hal_flash_ramfunc.o" -o "Drivers/STM32L4xx_HAL_Driver/Src/stm32l4xx_hal_flash_ramfunc.o" "../Drivers/STM32L4xx_HAL_Driver/Src/stm32l4xx_hal_flash_ramfunc.c"
Finished building: ../Drivers/STM32L4xx_HAL_Driver/Src/stm32l4xx_hal_flash_ramfunc.c
 
Building file: ../Drivers/STM32L4xx_HAL_Driver/Src/stm32l4xx_hal_gpio.c
Invoking: MCU GCC Compiler
C:\Users\emirs\Desktop\Bootloader_Course\UserApplication\UserApplicattion\Debug
arm-none-eabi-gcc -mcpu=cortex-m4 -mthumb -mfloat-abi=hard -mfpu=fpv4-sp-d16 '-D__weak=__attribute__((weak))' '-D__packed=__attribute__((__packed__))' -DUSE_HAL_DRIVER -DSTM32L476xx -I"C:/Users/emirs/Desktop/Bootloader_Course/UserApplication/UserApplicattion/Inc" -I"C:/Users/emirs/Desktop/Bootloader_Course/UserApplication/UserApplicattion/Drivers/STM32L4xx_HAL_Driver/Inc" -I"C:/Users/emirs/Desktop/Bootloader_Course/UserApplication/UserApplicattion/Drivers/STM32L4xx_HAL_Driver/Inc/Legacy" -I"C:/Users/emirs/Desktop/Bootloader_Course/UserApplication/UserApplicattion/Drivers/CMSIS/Device/ST/STM32L4xx/Include" -I"C:/Users/emirs/Desktop/Bootloader_Course/UserApplication/UserApplicattion/Drivers/CMSIS/Include"  -Og -g3 -Wall -fmessage-length=0 -ffunction-sections -c -fmessage-length=0 -MMD -MP -MF"Drivers/STM32L4xx_HAL_Driver/Src/stm32l4xx_hal_gpio.d" -MT"Drivers/STM32L4xx_HAL_Driver/Src/stm32l4xx_hal_gpio.o" -o "Drivers/STM32L4xx_HAL_Driver/Src/stm32l4xx_hal_gpio.o" "../Drivers/STM32L4xx_HAL_Driver/Src/stm32l4xx_hal_gpio.c"
Finished building: ../Drivers/STM32L4xx_HAL_Driver/Src/stm32l4xx_hal_gpio.c
 
Building file: ../Drivers/STM32L4xx_HAL_Driver/Src/stm32l4xx_hal_i2c.c
Invoking: MCU GCC Compiler
C:\Users\emirs\Desktop\Bootloader_Course\UserApplication\UserApplicattion\Debug
arm-none-eabi-gcc -mcpu=cortex-m4 -mthumb -mfloat-abi=hard -mfpu=fpv4-sp-d16 '-D__weak=__attribute__((weak))' '-D__packed=__attribute__((__packed__))' -DUSE_HAL_DRIVER -DSTM32L476xx -I"C:/Users/emirs/Desktop/Bootloader_Course/UserApplication/UserApplicattion/Inc" -I"C:/Users/emirs/Desktop/Bootloader_Course/UserApplication/UserApplicattion/Drivers/STM32L4xx_HAL_Driver/Inc" -I"C:/Users/emirs/Desktop/Bootloader_Course/UserApplication/UserApplicattion/Drivers/STM32L4xx_HAL_Driver/Inc/Legacy" -I"C:/Users/emirs/Desktop/Bootloader_Course/UserApplication/UserApplicattion/Drivers/CMSIS/Device/ST/STM32L4xx/Include" -I"C:/Users/emirs/Desktop/Bootloader_Course/UserApplication/UserApplicattion/Drivers/CMSIS/Include"  -Og -g3 -Wall -fmessage-length=0 -ffunction-sections -c -fmessage-length=0 -MMD -MP -MF"Drivers/STM32L4xx_HAL_Driver/Src/stm32l4xx_hal_i2c.d" -MT"Drivers/STM32L4xx_HAL_Driver/Src/stm32l4xx_hal_i2c.o" -o "Drivers/STM32L4xx_HAL_Driver/Src/stm32l4xx_hal_i2c.o" "../Drivers/STM32L4xx_HAL_Driver/Src/stm32l4xx_hal_i2c.c"
Finished building: ../Drivers/STM32L4xx_HAL_Driver/Src/stm32l4xx_hal_i2c.c
 
Building file: ../Drivers/STM32L4xx_HAL_Driver/Src/stm32l4xx_hal_i2c_ex.c
Invoking: MCU GCC Compiler
C:\Users\emirs\Desktop\Bootloader_Course\UserApplication\UserApplicattion\Debug
arm-none-eabi-gcc -mcpu=cortex-m4 -mthumb -mfloat-abi=hard -mfpu=fpv4-sp-d16 '-D__weak=__attribute__((weak))' '-D__packed=__attribute__((__packed__))' -DUSE_HAL_DRIVER -DSTM32L476xx -I"C:/Users/emirs/Desktop/Bootloader_Course/UserApplication/UserApplicattion/Inc" -I"C:/Users/emirs/Desktop/Bootloader_Course/UserApplication/UserApplicattion/Drivers/STM32L4xx_HAL_Driver/Inc" -I"C:/Users/emirs/Desktop/Bootloader_Course/UserApplication/UserApplicattion/Drivers/STM32L4xx_HAL_Driver/Inc/Legacy" -I"C:/Users/emirs/Desktop/Bootloader_Course/UserApplication/UserApplicattion/Drivers/CMSIS/Device/ST/STM32L4xx/Include" -I"C:/Users/emirs/Desktop/Bootloader_Course/UserApplication/UserApplicattion/Drivers/CMSIS/Include"  -Og -g3 -Wall -fmessage-length=0 -ffunction-sections -c -fmessage-length=0 -MMD -MP -MF"Drivers/STM32L4xx_HAL_Driver/Src/stm32l4xx_hal_i2c_ex.d" -MT"Drivers/STM32L4xx_HAL_Driver/Src/stm32l4xx_hal_i2c_ex.o" -o "Drivers/STM32L4xx_HAL_Driver/Src/stm32l4xx_hal_i2c_ex.o" "../Drivers/STM32L4xx_HAL_Driver/Src/stm32l4xx_hal_i2c_ex.c"
Finished building: ../Drivers/STM32L4xx_HAL_Driver/Src/stm32l4xx_hal_i2c_ex.c
 
Building file: ../Drivers/STM32L4xx_HAL_Driver/Src/stm32l4xx_hal_pwr.c
Invoking: MCU GCC Compiler
C:\Users\emirs\Desktop\Bootloader_Course\UserApplication\UserApplicattion\Debug
arm-none-eabi-gcc -mcpu=cortex-m4 -mthumb -mfloat-abi=hard -mfpu=fpv4-sp-d16 '-D__weak=__attribute__((weak))' '-D__packed=__attribute__((__packed__))' -DUSE_HAL_DRIVER -DSTM32L476xx -I"C:/Users/emirs/Desktop/Bootloader_Course/UserApplication/UserApplicattion/Inc" -I"C:/Users/emirs/Desktop/Bootloader_Course/UserApplication/UserApplicattion/Drivers/STM32L4xx_HAL_Driver/Inc" -I"C:/Users/emirs/Desktop/Bootloader_Course/UserApplication/UserApplicattion/Drivers/STM32L4xx_HAL_Driver/Inc/Legacy" -I"C:/Users/emirs/Desktop/Bootloader_Course/UserApplication/UserApplicattion/Drivers/CMSIS/Device/ST/STM32L4xx/Include" -I"C:/Users/emirs/Desktop/Bootloader_Course/UserApplication/UserApplicattion/Drivers/CMSIS/Include"  -Og -g3 -Wall -fmessage-length=0 -ffunction-sections -c -fmessage-length=0 -MMD -MP -MF"Drivers/STM32L4xx_HAL_Driver/Src/stm32l4xx_hal_pwr.d" -MT"Drivers/STM32L4xx_HAL_Driver/Src/stm32l4xx_hal_pwr.o" -o "Drivers/STM32L4xx_HAL_Driver/Src/stm32l4xx_hal_pwr.o" "../Drivers/STM32L4xx_HAL_Driver/Src/stm32l4xx_hal_pwr.c"
Finished building: ../Drivers/STM32L4xx_HAL_Driver/Src/stm32l4xx_hal_pwr.c
 
Building file: ../Drivers/STM32L4xx_HAL_Driver/Src/stm32l4xx_hal_pwr_ex.c
Invoking: MCU GCC Compiler
C:\Users\emirs\Desktop\Bootloader_Course\UserApplication\UserApplicattion\Debug
arm-none-eabi-gcc -mcpu=cortex-m4 -mthumb -mfloat-abi=hard -mfpu=fpv4-sp-d16 '-D__weak=__attribute__((weak))' '-D__packed=__attribute__((__packed__))' -DUSE_HAL_DRIVER -DSTM32L476xx -I"C:/Users/emirs/Desktop/Bootloader_Course/UserApplication/UserApplicattion/Inc" -I"C:/Users/emirs/Desktop/Bootloader_Course/UserApplication/UserApplicattion/Drivers/STM32L4xx_HAL_Driver/Inc" -I"C:/Users/emirs/Desktop/Bootloader_Course/UserApplication/UserApplicattion/Drivers/STM32L4xx_HAL_Driver/Inc/Legacy" -I"C:/Users/emirs/Desktop/Bootloader_Course/UserApplication/UserApplicattion/Drivers/CMSIS/Device/ST/STM32L4xx/Include" -I"C:/Users/emirs/Desktop/Bootloader_Course/UserApplication/UserApplicattion/Drivers/CMSIS/Include"  -Og -g3 -Wall -fmessage-length=0 -ffunction-sections -c -fmessage-length=0 -MMD -MP -MF"Drivers/STM32L4xx_HAL_Driver/Src/stm32l4xx_hal_pwr_ex.d" -MT"Drivers/STM32L4xx_HAL_Driver/Src/stm32l4xx_hal_pwr_ex.o" -o "Drivers/STM32L4xx_HAL_Driver/Src/stm32l4xx_hal_pwr_ex.o" "../Drivers/STM32L4xx_HAL_Driver/Src/stm32l4xx_hal_pwr_ex.c"
Finished building: ../Drivers/STM32L4xx_HAL_Driver/Src/stm32l4xx_hal_pwr_ex.c
 
Building file: ../Drivers/STM32L4xx_HAL_Driver/Src/stm32l4xx_hal_rcc.c
Invoking: MCU GCC Compiler
C:\Users\emirs\Desktop\Bootloader_Course\UserApplication\UserApplicattion\Debug
arm-none-eabi-gcc -mcpu=cortex-m4 -mthumb -mfloat-abi=hard -mfpu=fpv4-sp-d16 '-D__weak=__attribute__((weak))' '-D__packed=__attribute__((__packed__))' -DUSE_HAL_DRIVER -DSTM32L476xx -I"C:/Users/emirs/Desktop/Bootloader_Course/UserApplication/UserApplicattion/Inc" -I"C:/Users/emirs/Desktop/Bootloader_Course/UserApplication/UserApplicattion/Drivers/STM32L4xx_HAL_Driver/Inc" -I"C:/Users/emirs/Desktop/Bootloader_Course/UserApplication/UserApplicattion/Drivers/STM32L4xx_HAL_Driver/Inc/Legacy" -I"C:/Users/emirs/Desktop/Bootloader_Course/UserApplication/UserApplicattion/Drivers/CMSIS/Device/ST/STM32L4xx/Include" -I"C:/Users/emirs/Desktop/Bootloader_Course/UserApplication/UserApplicattion/Drivers/CMSIS/Include"  -Og -g3 -Wall -fmessage-length=0 -ffunction-sections -c -fmessage-length=0 -MMD -MP -MF"Drivers/STM32L4xx_HAL_Driver/Src/stm32l4xx_hal_rcc.d" -MT"Drivers/STM32L4xx_HAL_Driver/Src/stm32l4xx_hal_rcc.o" -o "Drivers/STM32L4xx_HAL_Driver/Src/stm32l4xx_hal_rcc.o" "../Drivers/STM32L4xx_HAL_Driver/Src/stm32l4xx_hal_rcc.c"
Finished building: ../Drivers/STM32L4xx_HAL_Driver/Src/stm32l4xx_hal_rcc.c
 
Building file: ../Drivers/STM32L4xx_HAL_Driver/Src/stm32l4xx_hal_rcc_ex.c
Invoking: MCU GCC Compiler
C:\Users\emirs\Desktop\Bootloader_Course\UserApplication\UserApplicattion\Debug
arm-none-eabi-gcc -mcpu=cortex-m4 -mthumb -mfloat-abi=hard -mfpu=fpv4-sp-d16 '-D__weak=__attribute__((weak))' '-D__packed=__attribute__((__packed__))' -DUSE_HAL_DRIVER -DSTM32L476xx -I"C:/Users/emirs/Desktop/Bootloader_Course/UserApplication/UserApplicattion/Inc" -I"C:/Users/emirs/Desktop/Bootloader_Course/UserApplication/UserApplicattion/Drivers/STM32L4xx_HAL_Driver/Inc" -I"C:/Users/emirs/Desktop/Bootloader_Course/UserApplication/UserApplicattion/Drivers/STM32L4xx_HAL_Driver/Inc/Legacy" -I"C:/Users/emirs/Desktop/Bootloader_Course/UserApplication/UserApplicattion/Drivers/CMSIS/Device/ST/STM32L4xx/Include" -I"C:/Users/emirs/Desktop/Bootloader_Course/UserApplication/UserApplicattion/Drivers/CMSIS/Include"  -Og -g3 -Wall -fmessage-length=0 -ffunction-sections -c -fmessage-length=0 -MMD -MP -MF"Drivers/STM32L4xx_HAL_Driver/Src/stm32l4xx_hal_rcc_ex.d" -MT"Drivers/STM32L4xx_HAL_Driver/Src/stm32l4xx_hal_rcc_ex.o" -o "Drivers/STM32L4xx_HAL_Driver/Src/stm32l4xx_hal_rcc_ex.o" "../Drivers/STM32L4xx_HAL_Driver/Src/stm32l4xx_hal_rcc_ex.c"
Finished building: ../Drivers/STM32L4xx_HAL_Driver/Src/stm32l4xx_hal_rcc_ex.c
 
Building file: ../Drivers/STM32L4xx_HAL_Driver/Src/stm32l4xx_hal_tim.c
Invoking: MCU GCC Compiler
C:\Users\emirs\Desktop\Bootloader_Course\UserApplication\UserApplicattion\Debug
arm-none-eabi-gcc -mcpu=cortex-m4 -mthumb -mfloat-abi=hard -mfpu=fpv4-sp-d16 '-D__weak=__attribute__((weak))' '-D__packed=__attribute__((__packed__))' -DUSE_HAL_DRIVER -DSTM32L476xx -I"C:/Users/emirs/Desktop/Bootloader_Course/UserApplication/UserApplicattion/Inc" -I"C:/Users/emirs/Desktop/Bootloader_Course/UserApplication/UserApplicattion/Drivers/STM32L4xx_HAL_Driver/Inc" -I"C:/Users/emirs/Desktop/Bootloader_Course/UserApplication/UserApplicattion/Drivers/STM32L4xx_HAL_Driver/Inc/Legacy" -I"C:/Users/emirs/Desktop/Bootloader_Course/UserApplication/UserApplicattion/Drivers/CMSIS/Device/ST/STM32L4xx/Include" -I"C:/Users/emirs/Desktop/Bootloader_Course/UserApplication/UserApplicattion/Drivers/CMSIS/Include"  -Og -g3 -Wall -fmessage-length=0 -ffunction-sections -c -fmessage-length=0 -MMD -MP -MF"Drivers/STM32L4xx_HAL_Driver/Src/stm32l4xx_hal_tim.d" -MT"Drivers/STM32L4xx_HAL_Driver/Src/stm32l4xx_hal_tim.o" -o "Drivers/STM32L4xx_HAL_Driver/Src/stm32l4xx_hal_tim.o" "../Drivers/STM32L4xx_HAL_Driver/Src/stm32l4xx_hal_tim.c"
Finished building: ../Drivers/STM32L4xx_HAL_Driver/Src/stm32l4xx_hal_tim.c
 
Building file: ../Drivers/STM32L4xx_HAL_Driver/Src/stm32l4xx_hal_tim_ex.c
Invoking: MCU GCC Compiler
C:\Users\emirs\Desktop\Bootloader_Course\UserApplication\UserApplicattion\Debug
arm-none-eabi-gcc -mcpu=cortex-m4 -mthumb -mfloat-abi=hard -mfpu=fpv4-sp-d16 '-D__weak=__attribute__((weak))' '-D__packed=__attribute__((__packed__))' -DUSE_HAL_DRIVER -DSTM32L476xx -I"C:/Users/emirs/Desktop/Bootloader_Course/UserApplication/UserApplicattion/Inc" -I"C:/Users/emirs/Desktop/Bootloader_Course/UserApplication/UserApplicattion/Drivers/STM32L4xx_HAL_Driver/Inc" -I"C:/Users/emirs/Desktop/Bootloader_Course/UserApplication/UserApplicattion/Drivers/STM32L4xx_HAL_Driver/Inc/Legacy" -I"C:/Users/emirs/Desktop/Bootloader_Course/UserApplication/UserApplicattion/Drivers/CMSIS/Device/ST/STM32L4xx/Include" -I"C:/Users/emirs/Desktop/Bootloader_Course/UserApplication/UserApplicattion/Drivers/CMSIS/Include"  -Og -g3 -Wall -fmessage-length=0 -ffunction-sections -c -fmessage-length=0 -MMD -MP -MF"Drivers/STM32L4xx_HAL_Driver/Src/stm32l4xx_hal_tim_ex.d" -MT"Drivers/STM32L4xx_HAL_Driver/Src/stm32l4xx_hal_tim_ex.o" -o "Drivers/STM32L4xx_HAL_Driver/Src/stm32l4xx_hal_tim_ex.o" "../Drivers/STM32L4xx_HAL_Driver/Src/stm32l4xx_hal_tim_ex.c"
Finished building: ../Drivers/STM32L4xx_HAL_Driver/Src/stm32l4xx_hal_tim_ex.c
 
Building file: ../Drivers/STM32L4xx_HAL_Driver/Src/stm32l4xx_hal_uart.c
Invoking: MCU GCC Compiler
C:\Users\emirs\Desktop\Bootloader_Course\UserApplication\UserApplicattion\Debug
arm-none-eabi-gcc -mcpu=cortex-m4 -mthumb -mfloat-abi=hard -mfpu=fpv4-sp-d16 '-D__weak=__attribute__((weak))' '-D__packed=__attribute__((__packed__))' -DUSE_HAL_DRIVER -DSTM32L476xx -I"C:/Users/emirs/Desktop/Bootloader_Course/UserApplication/UserApplicattion/Inc" -I"C:/Users/emirs/Desktop/Bootloader_Course/UserApplication/UserApplicattion/Drivers/STM32L4xx_HAL_Driver/Inc" -I"C:/Users/emirs/Desktop/Bootloader_Course/UserApplication/UserApplicattion/Drivers/STM32L4xx_HAL_Driver/Inc/Legacy" -I"C:/Users/emirs/Desktop/Bootloader_Course/UserApplication/UserApplicattion/Drivers/CMSIS/Device/ST/STM32L4xx/Include" -I"C:/Users/emirs/Desktop/Bootloader_Course/UserApplication/UserApplicattion/Drivers/CMSIS/Include"  -Og -g3 -Wall -fmessage-length=0 -ffunction-sections -c -fmessage-length=0 -MMD -MP -MF"Drivers/STM32L4xx_HAL_Driver/Src/stm32l4xx_hal_uart.d" -MT"Drivers/STM32L4xx_HAL_Driver/Src/stm32l4xx_hal_uart.o" -o "Drivers/STM32L4xx_HAL_Driver/Src/stm32l4xx_hal_uart.o" "../Drivers/STM32L4xx_HAL_Driver/Src/stm32l4xx_hal_uart.c"
Finished building: ../Drivers/STM32L4xx_HAL_Driver/Src/stm32l4xx_hal_uart.c
 
Building file: ../Drivers/STM32L4xx_HAL_Driver/Src/stm32l4xx_hal_uart_ex.c
Invoking: MCU GCC Compiler
C:\Users\emirs\Desktop\Bootloader_Course\UserApplication\UserApplicattion\Debug
arm-none-eabi-gcc -mcpu=cortex-m4 -mthumb -mfloat-abi=hard -mfpu=fpv4-sp-d16 '-D__weak=__attribute__((weak))' '-D__packed=__attribute__((__packed__))' -DUSE_HAL_DRIVER -DSTM32L476xx -I"C:/Users/emirs/Desktop/Bootloader_Course/UserApplication/UserApplicattion/Inc" -I"C:/Users/emirs/Desktop/Bootloader_Course/UserApplication/UserApplicattion/Drivers/STM32L4xx_HAL_Driver/Inc" -I"C:/Users/emirs/Desktop/Bootloader_Course/UserApplication/UserApplicattion/Drivers/STM32L4xx_HAL_Driver/Inc/Legacy" -I"C:/Users/emirs/Desktop/Bootloader_Course/UserApplication/UserApplicattion/Drivers/CMSIS/Device/ST/STM32L4xx/Include" -I"C:/Users/emirs/Desktop/Bootloader_Course/UserApplication/UserApplicattion/Drivers/CMSIS/Include"  -Og -g3 -Wall -fmessage-length=0 -ffunction-sections -c -fmessage-length=0 -MMD -MP -MF"Drivers/STM32L4xx_HAL_Driver/Src/stm32l4xx_hal_uart_ex.d" -MT"Drivers/STM32L4xx_HAL_Driver/Src/stm32l4xx_hal_uart_ex.o" -o "Drivers/STM32L4xx_HAL_Driver/Src/stm32l4xx_hal_uart_ex.o" "../Drivers/STM32L4xx_HAL_Driver/Src/stm32l4xx_hal_uart_ex.c"
Finished building: ../Drivers/STM32L4xx_HAL_Driver/Src/stm32l4xx_hal_uart_ex.c
 
Building target: UserApplicattion.elf
Invoking: MCU GCC Linker
arm-none-eabi-gcc -mcpu=cortex-m4 -mthumb -mfloat-abi=hard -mfpu=fpv4-sp-d16 -specs=nosys.specs -specs=nano.specs -T"../STM32L476RGTx_FLASH.ld" -Wl,-Map=output.map -Wl,--gc-sections -o "UserApplicattion.elf" @"objects.list"   -lm
Finished building target: UserApplicattion.elf
 
make --no-print-directory post-build
Generating hex and Printing size information:
arm-none-eabi-objcopy -O ihex "UserApplicattion.elf" "UserApplicattion.hex"
arm-none-eabi-size "UserApplicattion.elf"
   text	   data	    bss	    dec	    hex	filename
  11328	    152	   1736	  13216	   33a0	UserApplicattion.elf
 

17:47:42 Build Finished (took 23s.658ms)

